Archive member included because of file (symbol)

c:/users/rw/onedrive/desktop/embedded/imt_sdk_win_64/winavr/bin/../lib/gcc/avr/4.3.3/avr5\libgcc.a(_exit.o)
                              c:/users/rw/onedrive/desktop/embedded/imt_sdk_win_64/winavr/bin/../lib/gcc/avr/4.3.3/../../../../avr/lib/avr5/crtm32.o (exit)
c:/users/rw/onedrive/desktop/embedded/imt_sdk_win_64/winavr/bin/../lib/gcc/avr/4.3.3/avr5\libgcc.a(_copy_data.o)
                              ./SSD_program.o (__do_copy_data)

Memory Configuration

Name             Origin             Length             Attributes
text             0x00000000         0x00020000         xr
data             0x00800060         0x0000ffa0         rw !x
eeprom           0x00810000         0x00010000         rw !x
fuse             0x00820000         0x00000400         rw !x
lock             0x00830000         0x00000400         rw !x
signature        0x00840000         0x00000400         rw !x
*default*        0x00000000         0xffffffff

Linker script and memory map

LOAD c:/users/rw/onedrive/desktop/embedded/imt_sdk_win_64/winavr/bin/../lib/gcc/avr/4.3.3/../../../../avr/lib/avr5/crtm32.o
LOAD ./DIO_program.o
LOAD ./SSD_program.o
LOAD ./SW_program.o
LOAD ./main.o
LOAD c:/users/rw/onedrive/desktop/embedded/imt_sdk_win_64/winavr/bin/../lib/gcc/avr/4.3.3/avr5\libgcc.a
LOAD c:/users/rw/onedrive/desktop/embedded/imt_sdk_win_64/winavr/bin/../lib/gcc/avr/4.3.3/../../../../avr/lib/avr5\libc.a
LOAD c:/users/rw/onedrive/desktop/embedded/imt_sdk_win_64/winavr/bin/../lib/gcc/avr/4.3.3/avr5\libgcc.a

.hash
 *(.hash)

.dynsym
 *(.dynsym)

.dynstr
 *(.dynstr)

.gnu.version
 *(.gnu.version)

.gnu.version_d
 *(.gnu.version_d)

.gnu.version_r
 *(.gnu.version_r)

.rel.init
 *(.rel.init)

.rela.init
 *(.rela.init)

.rel.text
 *(.rel.text)
 *(.rel.text.*)
 *(.rel.gnu.linkonce.t*)

.rela.text
 *(.rela.text)
 *(.rela.text.*)
 *(.rela.gnu.linkonce.t*)

.rel.fini
 *(.rel.fini)

.rela.fini
 *(.rela.fini)

.rel.rodata
 *(.rel.rodata)
 *(.rel.rodata.*)
 *(.rel.gnu.linkonce.r*)

.rela.rodata
 *(.rela.rodata)
 *(.rela.rodata.*)
 *(.rela.gnu.linkonce.r*)

.rel.data
 *(.rel.data)
 *(.rel.data.*)
 *(.rel.gnu.linkonce.d*)

.rela.data
 *(.rela.data)
 *(.rela.data.*)
 *(.rela.gnu.linkonce.d*)

.rel.ctors
 *(.rel.ctors)

.rela.ctors
 *(.rela.ctors)

.rel.dtors
 *(.rel.dtors)

.rela.dtors
 *(.rela.dtors)

.rel.got
 *(.rel.got)

.rela.got
 *(.rela.got)

.rel.bss
 *(.rel.bss)

.rela.bss
 *(.rela.bss)

.rel.plt
 *(.rel.plt)

.rela.plt
 *(.rela.plt)

.text           0x00000000      0xe8c
 *(.vectors)
 .vectors       0x00000000       0x54 c:/users/rw/onedrive/desktop/embedded/imt_sdk_win_64/winavr/bin/../lib/gcc/avr/4.3.3/../../../../avr/lib/avr5/crtm32.o
                0x00000000                __vectors
                0x00000000                __vector_default
 *(.vectors)
 *(.progmem.gcc*)
 *(.progmem*)
                0x00000054                . = ALIGN (0x2)
                0x00000054                __trampolines_start = .
 *(.trampolines)
 .trampolines   0x00000054        0x0 linker stubs
 *(.trampolines*)
                0x00000054                __trampolines_end = .
 *(.jumptables)
 *(.jumptables*)
 *(.lowtext)
 *(.lowtext*)
                0x00000054                __ctors_start = .
 *(.ctors)
                0x00000054                __ctors_end = .
                0x00000054                __dtors_start = .
 *(.dtors)
                0x00000054                __dtors_end = .
 SORT(*)(.ctors)
 SORT(*)(.dtors)
 *(.init0)
 .init0         0x00000054        0x0 c:/users/rw/onedrive/desktop/embedded/imt_sdk_win_64/winavr/bin/../lib/gcc/avr/4.3.3/../../../../avr/lib/avr5/crtm32.o
                0x00000054                __init
 *(.init0)
 *(.init1)
 *(.init1)
 *(.init2)
 .init2         0x00000054        0xc c:/users/rw/onedrive/desktop/embedded/imt_sdk_win_64/winavr/bin/../lib/gcc/avr/4.3.3/../../../../avr/lib/avr5/crtm32.o
 *(.init2)
 *(.init3)
 *(.init3)
 *(.init4)
 .init4         0x00000060       0x16 c:/users/rw/onedrive/desktop/embedded/imt_sdk_win_64/winavr/bin/../lib/gcc/avr/4.3.3/avr5\libgcc.a(_copy_data.o)
                0x00000060                __do_copy_data
 *(.init4)
 *(.init5)
 *(.init5)
 *(.init6)
 *(.init6)
 *(.init7)
 *(.init7)
 *(.init8)
 *(.init8)
 *(.init9)
 .init9         0x00000076        0x8 c:/users/rw/onedrive/desktop/embedded/imt_sdk_win_64/winavr/bin/../lib/gcc/avr/4.3.3/../../../../avr/lib/avr5/crtm32.o
 *(.init9)
 *(.text)
 .text          0x0000007e        0x4 c:/users/rw/onedrive/desktop/embedded/imt_sdk_win_64/winavr/bin/../lib/gcc/avr/4.3.3/../../../../avr/lib/avr5/crtm32.o
                0x0000007e                __vector_1
                0x0000007e                __vector_12
                0x0000007e                __bad_interrupt
                0x0000007e                __vector_6
                0x0000007e                __vector_3
                0x0000007e                __vector_11
                0x0000007e                __vector_13
                0x0000007e                __vector_17
                0x0000007e                __vector_19
                0x0000007e                __vector_7
                0x0000007e                __vector_5
                0x0000007e                __vector_4
                0x0000007e                __vector_9
                0x0000007e                __vector_2
                0x0000007e                __vector_15
                0x0000007e                __vector_8
                0x0000007e                __vector_14
                0x0000007e                __vector_10
                0x0000007e                __vector_16
                0x0000007e                __vector_18
                0x0000007e                __vector_20
 .text          0x00000082        0x0 ./DIO_program.o
 .text          0x00000082        0x0 ./SSD_program.o
 .text          0x00000082        0x0 ./SW_program.o
 .text          0x00000082        0x0 ./main.o
 .text          0x00000082        0x0 c:/users/rw/onedrive/desktop/embedded/imt_sdk_win_64/winavr/bin/../lib/gcc/avr/4.3.3/avr5\libgcc.a(_exit.o)
 .text          0x00000082        0x0 c:/users/rw/onedrive/desktop/embedded/imt_sdk_win_64/winavr/bin/../lib/gcc/avr/4.3.3/avr5\libgcc.a(_copy_data.o)
                0x00000082                . = ALIGN (0x2)
 *(.text.*)
 .text.DIO_enumSetPinDirection
                0x00000082      0x21e ./DIO_program.o
                0x00000082                DIO_enumSetPinDirection
 .text.DIO_enumSetPinValue
                0x000002a0      0x21e ./DIO_program.o
                0x000002a0                DIO_enumSetPinValue
 .text.DIO_enumGetPinValue
                0x000004be      0x18a ./DIO_program.o
                0x000004be                DIO_enumGetPinValue
 .text.DIO_enumTogglePinValue
                0x00000648      0x118 ./DIO_program.o
                0x00000648                DIO_enumTogglePinValue
 .text.DIO_enumSetPortDirection
                0x00000760       0x9a ./DIO_program.o
                0x00000760                DIO_enumSetPortDirection
 .text.DIO_enumSetPortValue
                0x000007fa       0x9a ./DIO_program.o
                0x000007fa                DIO_enumSetPortValue
 .text.DIO_enumGetPortValue
                0x00000894       0xae ./DIO_program.o
                0x00000894                DIO_enumGetPortValue
 .text.DIO_enumTogglePortValue
                0x00000942       0xae ./DIO_program.o
                0x00000942                DIO_enumTogglePortValue
 .text.DIO_enumWritHighNibbles
                0x000009f0       0xfc ./DIO_program.o
                0x000009f0                DIO_enumWritHighNibbles
 .text.DIO_enumWritLowNibbles
                0x00000aec       0xf4 ./DIO_program.o
                0x00000aec                DIO_enumWritLowNibbles
 .text.SSD_voidInitDataPort
                0x00000be0       0x2a ./SSD_program.o
                0x00000be0                SSD_voidInitDataPort
 .text.SSD_voidEnable
                0x00000c0a       0x60 ./SSD_program.o
                0x00000c0a                SSD_voidEnable
 .text.SSD_voidDisable
                0x00000c6a       0x60 ./SSD_program.o
                0x00000c6a                SSD_voidDisable
 .text.SSD_voidSendNumber
                0x00000cca       0x6a ./SSD_program.o
                0x00000cca                SSD_voidSendNumber
 .text.SW_voidInit
                0x00000d34       0x3c ./SW_program.o
                0x00000d34                SW_voidInit
 .text.SW_u8GetPressed
                0x00000d70       0x76 ./SW_program.o
                0x00000d70                SW_u8GetPressed
 .text.main     0x00000de6       0xa2 ./main.o
                0x00000de6                main
 .text.libgcc   0x00000e88        0x0 c:/users/rw/onedrive/desktop/embedded/imt_sdk_win_64/winavr/bin/../lib/gcc/avr/4.3.3/avr5\libgcc.a(_exit.o)
 .text.libgcc   0x00000e88        0x0 c:/users/rw/onedrive/desktop/embedded/imt_sdk_win_64/winavr/bin/../lib/gcc/avr/4.3.3/avr5\libgcc.a(_copy_data.o)
                0x00000e88                . = ALIGN (0x2)
 *(.fini9)
 .fini9         0x00000e88        0x0 c:/users/rw/onedrive/desktop/embedded/imt_sdk_win_64/winavr/bin/../lib/gcc/avr/4.3.3/avr5\libgcc.a(_exit.o)
                0x00000e88                exit
                0x00000e88                _exit
 *(.fini9)
 *(.fini8)
 *(.fini8)
 *(.fini7)
 *(.fini7)
 *(.fini6)
 *(.fini6)
 *(.fini5)
 *(.fini5)
 *(.fini4)
 *(.fini4)
 *(.fini3)
 *(.fini3)
 *(.fini2)
 *(.fini2)
 *(.fini1)
 *(.fini1)
 *(.fini0)
 .fini0         0x00000e88        0x4 c:/users/rw/onedrive/desktop/embedded/imt_sdk_win_64/winavr/bin/../lib/gcc/avr/4.3.3/avr5\libgcc.a(_exit.o)
 *(.fini0)
                0x00000e8c                _etext = .

.data           0x00800060       0x12 load address 0x00000e8c
                0x00800060                PROVIDE (__data_start, .)
 *(.data)
 .data          0x00800060        0x0 c:/users/rw/onedrive/desktop/embedded/imt_sdk_win_64/winavr/bin/../lib/gcc/avr/4.3.3/../../../../avr/lib/avr5/crtm32.o
 .data          0x00800060        0x0 ./DIO_program.o
 .data          0x00800060        0x0 ./SSD_program.o
 .data          0x00800060        0x0 ./SW_program.o
 .data          0x00800060        0x0 ./main.o
 .data          0x00800060        0x0 c:/users/rw/onedrive/desktop/embedded/imt_sdk_win_64/winavr/bin/../lib/gcc/avr/4.3.3/avr5\libgcc.a(_exit.o)
 .data          0x00800060        0x0 c:/users/rw/onedrive/desktop/embedded/imt_sdk_win_64/winavr/bin/../lib/gcc/avr/4.3.3/avr5\libgcc.a(_copy_data.o)
 *(.data*)
 .data.LOC_u8Numbers
                0x00800060        0xa ./SSD_program.o
                0x00800060                LOC_u8Numbers
 .data.SSD1     0x0080006a        0x4 ./main.o
                0x0080006a                SSD1
 .data.SW1      0x0080006e        0x3 ./main.o
                0x0080006e                SW1
 *(.rodata)
 *(.rodata*)
 *(.gnu.linkonce.d*)
                0x00800072                . = ALIGN (0x2)
 *fill*         0x00800071        0x1 00
                0x00800072                _edata = .
                0x00800072                PROVIDE (__data_end, .)

.bss            0x00800072        0x0
                0x00800072                PROVIDE (__bss_start, .)
 *(.bss)
 .bss           0x00800072        0x0 c:/users/rw/onedrive/desktop/embedded/imt_sdk_win_64/winavr/bin/../lib/gcc/avr/4.3.3/../../../../avr/lib/avr5/crtm32.o
 .bss           0x00800072        0x0 ./DIO_program.o
 .bss           0x00800072        0x0 ./SSD_program.o
 .bss           0x00800072        0x0 ./SW_program.o
 .bss           0x00800072        0x0 ./main.o
 .bss           0x00800072        0x0 c:/users/rw/onedrive/desktop/embedded/imt_sdk_win_64/winavr/bin/../lib/gcc/avr/4.3.3/avr5\libgcc.a(_exit.o)
 .bss           0x00800072        0x0 c:/users/rw/onedrive/desktop/embedded/imt_sdk_win_64/winavr/bin/../lib/gcc/avr/4.3.3/avr5\libgcc.a(_copy_data.o)
 *(.bss*)
 *(COMMON)
                0x00800072                PROVIDE (__bss_end, .)
                0x00000e8c                __data_load_start = LOADADDR (.data)
                0x00000e9e                __data_load_end = (__data_load_start + SIZEOF (.data))

.noinit         0x00800072        0x0
                0x00800072                PROVIDE (__noinit_start, .)
 *(.noinit*)
                0x00800072                PROVIDE (__noinit_end, .)
                0x00800072                _end = .
                0x00800072                PROVIDE (__heap_start, .)

.eeprom         0x00810000        0x0
 *(.eeprom*)
                0x00810000                __eeprom_end = .

.fuse
 *(.fuse)
 *(.lfuse)
 *(.hfuse)
 *(.efuse)

.lock
 *(.lock*)

.signature
 *(.signature*)

.stab           0x00000000     0x13e0
 *(.stab)
 .stab          0x00000000      0xb28 ./DIO_program.o
 .stab          0x00000b28      0x2b8 ./SSD_program.o
                                0x36c (size before relaxing)
 .stab          0x00000de0      0x3fc ./SW_program.o
                                0x4b0 (size before relaxing)
 .stab          0x000011dc      0x204 ./main.o
                                0x468 (size before relaxing)

.stabstr        0x00000000      0xbf3
 *(.stabstr)
 .stabstr       0x00000000      0xbf3 ./DIO_program.o

.stab.excl
 *(.stab.excl)

.stab.exclstr
 *(.stab.exclstr)

.stab.index
 *(.stab.index)

.stab.indexstr
 *(.stab.indexstr)

.comment
 *(.comment)

.debug
 *(.debug)

.line
 *(.line)

.debug_srcinfo
 *(.debug_srcinfo)

.debug_sfnames
 *(.debug_sfnames)

.debug_aranges
 *(.debug_aranges)

.debug_pubnames
 *(.debug_pubnames)

.debug_info
 *(.debug_info)
 *(.gnu.linkonce.wi.*)

.debug_abbrev
 *(.debug_abbrev)

.debug_line
 *(.debug_line)

.debug_frame
 *(.debug_frame)

.debug_str
 *(.debug_str)

.debug_loc
 *(.debug_loc)

.debug_macinfo
 *(.debug_macinfo)
OUTPUT(SSD_App_3.elf elf32-avr)
LOAD linker stubs
